main.c:35:5:main	8	static
main.c:54:6:task1_handler	8	static
main.c:64:6:task2_handler	8	static
main.c:74:6:task3_handler	8	static
main.c:84:6:task4_handler	8	static
main.c:95:6:idle_task_handler	4	static
main.c:99:6:init_systick_timer	32	static
main.c:119:29:init_sched_stack	0	static,ignoring_inline_asm
main.c:124:6:init_tasks_stack	24	static
main.c:173:10:get_current_psp	4	static
main.c:177:6:update_current_psp	16	static
main.c:181:6:update_current_task	16	static
main.c:192:29:switch_sp_to_psp	0	static,ignoring_inline_asm
main.c:209:6:enable_processor_faults	16	static
main.c:217:6:SysTick_Handler	8	static
main.c:223:29:PendSV_Handler	0	static,ignoring_inline_asm
main.c:246:6:task_delay	16	static
main.c:252:6:task_yield	16	static
main.c:258:6:unblock_tasks	16	static
main.c:268:6:update_global_tick	4	static
main.c:272:6:HardFault_Handler	8	static
main.c:277:6:MemManage_Handler	8	static
main.c:282:6:BusFault_Handler	8	static
main.c:287:6:UsageFault_Handler	8	static
